192.168.137.156 - - [10/Oct/2019:20:16:31] "GET /poll HTTP/1.1" 200 18 "http://192.168.137.252:9999/" "Mozilla/5.0 (Linux; Android 6.0; XT1706) AppleWebKit/537.36 (KHTML, like Gecko) Chrome/77.0.3865.92 Mobile Safari/537.36"
192.168.137.156 - - [10/Oct/2019:20:16:36] "GET /poll HTTP/1.1" 200 18 "http://192.168.137.252:9999/" "Mozilla/5.0 (Linux; Android 6.0; XT1706) AppleWebKit/537.36 (KHTML, like Gecko) Chrome/77.0.3865.92 Mobile Safari/537.36"
192.168.137.156 - - [10/Oct/2019:20:16:41] "GET /poll HTTP/1.1" 200 18 "http://192.168.137.252:9999/" "Mozilla/5.0 (Linux; Android 6.0; XT1706) AppleWebKit/537.36 (KHTML, like Gecko) Chrome/77.0.3865.92 Mobile Safari/537.36"
192.168.137.156 - - [10/Oct/2019:20:16:46] "GET /poll HTTP/1.1" 200 18 "http://192.168.137.252:9999/" "Mozilla/5.0 (Linux; Android 6.0; XT1706) AppleWebKit/537.36 (KHTML, like Gecko) Chrome/77.0.3865.92 Mobile Safari/537.36"
192.168.137.156 - - [10/Oct/2019:20:16:52] "GET /poll HTTP/1.1" 200 18 "http://192.168.137.252:9999/" "Mozilla/5.0 (Linux; Android 6.0; XT1706) AppleWebKit/537.36 (KHTML, like Gecko) Chrome/77.0.3865.92 Mobile Safari/537.36"
192.168.137.156 - - [10/Oct/2019:20:16:57] "GET /poll HTTP/1.1" 200 18 "http://192.168.137.252:9999/" "Mozilla/5.0 (Linux; Android 6.0; XT1706) AppleWebKit/537.36 (KHTML, like Gecko) Chrome/77.0.3865.92 Mobile Safari/537.36"
192.168.137.156 - - [10/Oct/2019:20:17:01] "GET /static/app.html HTTP/1.1" 304 - "" "Mozilla/5.0 (Linux; Android 6.0; XT1706) AppleWebKit/537.36 (KHTML, like Gecko) Chrome/77.0.3865.92 Mobile Safari/537.36"
192.168.137.156 - - [10/Oct/2019:20:17:01] "GET /init HTTP/1.1" 200 2 "http://192.168.137.252:9999/" "Mozilla/5.0 (Linux; Android 6.0; XT1706) AppleWebKit/537.36 (KHTML, like Gecko) Chrome/77.0.3865.92 Mobile Safari/537.36"
192.168.137.156 - - [10/Oct/2019:20:17:01] "GET /favicon.ico HTTP/1.1" 200 1406 "http://192.168.137.252:9999/" "Mozilla/5.0 (Linux; Android 6.0; XT1706) AppleWebKit/537.36 (KHTML, like Gecko) Chrome/77.0.3865.92 Mobile Safari/537.36"
192.168.137.156 - - [10/Oct/2019:20:17:01] "GET /poll HTTP/1.1" 200 32 "http://192.168.137.252:9999/" "Mozilla/5.0 (Linux; Android 6.0; XT1706) AppleWebKit/537.36 (KHTML, like Gecko) Chrome/77.0.3865.92 Mobile Safari/537.36"
192.168.137.156 - - [10/Oct/2019:20:17:01] "GET /poll HTTP/1.1" 200 49 "http://192.168.137.252:9999/" "Mozilla/5.0 (Linux; Android 6.0; XT1706) AppleWebKit/537.36 (KHTML, like Gecko) Chrome/77.0.3865.92 Mobile Safari/537.36"
192.168.137.156 - - [10/Oct/2019:20:17:01] "GET /poll HTTP/1.1" 200 149 "http://192.168.137.252:9999/" "Mozilla/5.0 (Linux; Android 6.0; XT1706) AppleWebKit/537.36 (KHTML, like Gecko) Chrome/77.0.3865.92 Mobile Safari/537.36"
192.168.137.156 - - [10/Oct/2019:20:17:01] "GET /poll HTTP/1.1" 200 143 "http://192.168.137.252:9999/" "Mozilla/5.0 (Linux; Android 6.0; XT1706) AppleWebKit/537.36 (KHTML, like Gecko) Chrome/77.0.3865.92 Mobile Safari/537.36"
192.168.137.156 - - [10/Oct/2019:20:17:01] "GET /poll HTTP/1.1" 200 144 "http://192.168.137.252:9999/" "Mozilla/5.0 (Linux; Android 6.0; XT1706) AppleWebKit/537.36 (KHTML, like Gecko) Chrome/77.0.3865.92 Mobile Safari/537.36"
192.168.137.156 - - [10/Oct/2019:20:17:01] "GET /poll HTTP/1.1" 200 146 "http://192.168.137.252:9999/" "Mozilla/5.0 (Linux; Android 6.0; XT1706) AppleWebKit/537.36 (KHTML, like Gecko) Chrome/77.0.3865.92 Mobile Safari/537.36"
192.168.137.156 - - [10/Oct/2019:20:17:01] "GET /poll HTTP/1.1" 200 217 "http://192.168.137.252:9999/" "Mozilla/5.0 (Linux; Android 6.0; XT1706) AppleWebKit/537.36 (KHTML, like Gecko) Chrome/77.0.3865.92 Mobile Safari/537.36"
192.168.137.156 - - [10/Oct/2019:20:17:01] "GET /poll HTTP/1.1" 200 78 "http://192.168.137.252:9999/" "Mozilla/5.0 (Linux; Android 6.0; XT1706) AppleWebKit/537.36 (KHTML, like Gecko) Chrome/77.0.3865.92 Mobile Safari/537.36"
192.168.137.156 - - [10/Oct/2019:20:17:02] "GET /poll HTTP/1.1" 200 214 "http://192.168.137.252:9999/" "Mozilla/5.0 (Linux; Android 6.0; XT1706) AppleWebKit/537.36 (KHTML, like Gecko) Chrome/77.0.3865.92 Mobile Safari/537.36"
192.168.137.156 - - [10/Oct/2019:20:17:07] "GET /poll HTTP/1.1" 200 18 "http://192.168.137.252:9999/" "Mozilla/5.0 (Linux; Android 6.0; XT1706) AppleWebKit/537.36 (KHTML, like Gecko) Chrome/77.0.3865.92 Mobile Safari/537.36"
192.168.137.156 - - [10/Oct/2019:20:17:12] "GET /poll HTTP/1.1" 200 18 "http://192.168.137.252:9999/" "Mozilla/5.0 (Linux; Android 6.0; XT1706) AppleWebKit/537.36 (KHTML, like Gecko) Chrome/77.0.3865.92 Mobile Safari/537.36"
192.168.137.156 - - [10/Oct/2019:20:17:17] "GET /poll HTTP/1.1" 200 18 "http://192.168.137.252:9999/" "Mozilla/5.0 (Linux; Android 6.0; XT1706) AppleWebKit/537.36 (KHTML, like Gecko) Chrome/77.0.3865.92 Mobile Safari/537.36"
192.168.137.156 - - [10/Oct/2019:20:17:23] "GET /poll HTTP/1.1" 200 18 "http://192.168.137.252:9999/" "Mozilla/5.0 (Linux; Android 6.0; XT1706) AppleWebKit/537.36 (KHTML, like Gecko) Chrome/77.0.3865.92 Mobile Safari/537.36"
192.168.137.156 - - [10/Oct/2019:20:17:28] "GET /poll HTTP/1.1" 200 18 "http://192.168.137.252:9999/" "Mozilla/5.0 (Linux; Android 6.0; XT1706) AppleWebKit/537.36 (KHTML, like Gecko) Chrome/77.0.3865.92 Mobile Safari/537.36"
192.168.137.156 - - [10/Oct/2019:20:17:33] "GET /poll HTTP/1.1" 200 18 "http://192.168.137.252:9999/" "Mozilla/5.0 (Linux; Android 6.0; XT1706) AppleWebKit/537.36 (KHTML, like Gecko) Chrome/77.0.3865.92 Mobile Safari/537.36"
192.168.137.156 - - [10/Oct/2019:20:17:38] "GET /poll HTTP/1.1" 200 18 "http://192.168.137.252:9999/" "Mozilla/5.0 (Linux; Android 6.0; XT1706) AppleWebKit/537.36 (KHTML, like Gecko) Chrome/77.0.3865.92 Mobile Safari/537.36"
192.168.137.156 - - [10/Oct/2019:20:18:20] "GET /static/app.html HTTP/1.1" 304 - "" "Mozilla/5.0 (Linux; Android 6.0; XT1706) AppleWebKit/537.36 (KHTML, like Gecko) Chrome/77.0.3865.92 Mobile Safari/537.36"
192.168.137.156 - - [10/Oct/2019:20:18:20] "GET /init HTTP/1.1" 200 2 "http://192.168.137.252:9999/" "Mozilla/5.0 (Linux; Android 6.0; XT1706) AppleWebKit/537.36 (KHTML, like Gecko) Chrome/77.0.3865.92 Mobile Safari/537.36"
192.168.137.156 - - [10/Oct/2019:20:18:21] "GET /favicon.ico HTTP/1.1" 200 1406 "http://192.168.137.252:9999/" "Mozilla/5.0 (Linux; Android 6.0; XT1706) AppleWebKit/537.36 (KHTML, like Gecko) Chrome/77.0.3865.92 Mobile Safari/537.36"
192.168.137.156 - - [10/Oct/2019:20:18:21] "GET /poll HTTP/1.1" 200 32 "http://192.168.137.252:9999/" "Mozilla/5.0 (Linux; Android 6.0; XT1706) AppleWebKit/537.36 (KHTML, like Gecko) Chrome/77.0.3865.92 Mobile Safari/537.36"
192.168.137.156 - - [10/Oct/2019:20:18:21] "GET /poll HTTP/1.1" 200 49 "http://192.168.137.252:9999/" "Mozilla/5.0 (Linux; Android 6.0; XT1706) AppleWebKit/537.36 (KHTML, like Gecko) Chrome/77.0.3865.92 Mobile Safari/537.36"
192.168.137.156 - - [10/Oct/2019:20:18:21] "GET /poll HTTP/1.1" 200 149 "http://192.168.137.252:9999/" "Mozilla/5.0 (Linux; Android 6.0; XT1706) AppleWebKit/537.36 (KHTML, like Gecko) Chrome/77.0.3865.92 Mobile Safari/537.36"
192.168.137.156 - - [10/Oct/2019:20:18:21] "GET /poll HTTP/1.1" 200 143 "http://192.168.137.252:9999/" "Mozilla/5.0 (Linux; Android 6.0; XT1706) AppleWebKit/537.36 (KHTML, like Gecko) Chrome/77.0.3865.92 Mobile Safari/537.36"
192.168.137.156 - - [10/Oct/2019:20:18:21] "GET /poll HTTP/1.1" 200 145 "http://192.168.137.252:9999/" "Mozilla/5.0 (Linux; Android 6.0; XT1706) AppleWebKit/537.36 (KHTML, like Gecko) Chrome/77.0.3865.92 Mobile Safari/537.36"
192.168.137.156 - - [10/Oct/2019:20:18:21] "GET /poll HTTP/1.1" 200 146 "http://192.168.137.252:9999/" "Mozilla/5.0 (Linux; Android 6.0; XT1706) AppleWebKit/537.36 (KHTML, like Gecko) Chrome/77.0.3865.92 Mobile Safari/537.36"
192.168.137.156 - - [10/Oct/2019:20:18:21] "GET /poll HTTP/1.1" 200 77 "http://192.168.137.252:9999/" "Mozilla/5.0 (Linux; Android 6.0; XT1706) AppleWebKit/537.36 (KHTML, like Gecko) Chrome/77.0.3865.92 Mobile Safari/537.36"
192.168.137.156 - - [10/Oct/2019:20:18:21] "GET /poll HTTP/1.1" 200 217 "http://192.168.137.252:9999/" "Mozilla/5.0 (Linux; Android 6.0; XT1706) AppleWebKit/537.36 (KHTML, like Gecko) Chrome/77.0.3865.92 Mobile Safari/537.36"
192.168.137.156 - - [10/Oct/2019:20:18:21] "GET /poll HTTP/1.1" 200 78 "http://192.168.137.252:9999/" "Mozilla/5.0 (Linux; Android 6.0; XT1706) AppleWebKit/537.36 (KHTML, like Gecko) Chrome/77.0.3865.92 Mobile Safari/537.36"
192.168.137.156 - - [10/Oct/2019:20:18:21] "GET /poll HTTP/1.1" 200 215 "http://192.168.137.252:9999/" "Mozilla/5.0 (Linux; Android 6.0; XT1706) AppleWebKit/537.36 (KHTML, like Gecko) Chrome/77.0.3865.92 Mobile Safari/537.36"
192.168.137.156 - - [10/Oct/2019:20:18:26] "GET /poll HTTP/1.1" 200 18 "http://192.168.137.252:9999/" "Mozilla/5.0 (Linux; Android 6.0; XT1706) AppleWebKit/537.36 (KHTML, like Gecko) Chrome/77.0.3865.92 Mobile Safari/537.36"
192.168.137.156 - - [10/Oct/2019:20:18:31] "GET /poll HTTP/1.1" 200 18 "http://192.168.137.252:9999/" "Mozilla/5.0 (Linux; Android 6.0; XT1706) AppleWebKit/537.36 (KHTML, like Gecko) Chrome/77.0.3865.92 Mobile Safari/537.36"
192.168.137.156 - - [10/Oct/2019:20:18:37] "GET /poll HTTP/1.1" 200 18 "http://192.168.137.252:9999/" "Mozilla/5.0 (Linux; Android 6.0; XT1706) AppleWebKit/537.36 (KHTML, like Gecko) Chrome/77.0.3865.92 Mobile Safari/537.36"
192.168.137.156 - - [10/Oct/2019:20:18:42] "GET /poll HTTP/1.1" 200 18 "http://192.168.137.252:9999/" "Mozilla/5.0 (Linux; Android 6.0; XT1706) AppleWebKit/537.36 (KHTML, like Gecko) Chrome/77.0.3865.92 Mobile Safari/537.36"
192.168.137.156 - - [10/Oct/2019:20:18:47] "GET /poll HTTP/1.1" 200 18 "http://192.168.137.252:9999/" "Mozilla/5.0 (Linux; Android 6.0; XT1706) AppleWebKit/537.36 (KHTML, like Gecko) Chrome/77.0.3865.92 Mobile Safari/537.36"
192.168.137.156 - - [10/Oct/2019:20:18:53] "GET /poll HTTP/1.1" 200 18 "http://192.168.137.252:9999/" "Mozilla/5.0 (Linux; Android 6.0; XT1706) AppleWebKit/537.36 (KHTML, like Gecko) Chrome/77.0.3865.92 Mobile Safari/537.36"
192.168.137.156 - - [10/Oct/2019:20:18:58] "GET /poll HTTP/1.1" 200 18 "http://192.168.137.252:9999/" "Mozilla/5.0 (Linux; Android 6.0; XT1706) AppleWebKit/537.36 (KHTML, like Gecko) Chrome/77.0.3865.92 Mobile Safari/537.36"
192.168.137.156 - - [10/Oct/2019:20:19:03] "GET /poll HTTP/1.1" 200 18 "http://192.168.137.252:9999/" "Mozilla/5.0 (Linux; Android 6.0; XT1706) AppleWebKit/537.36 (KHTML, like Gecko) Chrome/77.0.3865.92 Mobile Safari/537.36"
192.168.137.156 - - [10/Oct/2019:20:19:08] "GET /poll HTTP/1.1" 200 18 "http://192.168.137.252:9999/" "Mozilla/5.0 (Linux; Android 6.0; XT1706) AppleWebKit/537.36 (KHTML, like Gecko) Chrome/77.0.3865.92 Mobile Safari/537.36"
192.168.137.156 - - [10/Oct/2019:20:19:14] "GET /poll HTTP/1.1" 200 18 "http://192.168.137.252:9999/" "Mozilla/5.0 (Linux; Android 6.0; XT1706) AppleWebKit/537.36 (KHTML, like Gecko) Chrome/77.0.3865.92 Mobile Safari/537.36"
192.168.137.156 - - [10/Oct/2019:20:19:19] "GET /poll HTTP/1.1" 200 18 "http://192.168.137.252:9999/" "Mozilla/5.0 (Linux; Android 6.0; XT1706) AppleWebKit/537.36 (KHTML, like Gecko) Chrome/77.0.3865.92 Mobile Safari/537.36"
192.168.137.156 - - [10/Oct/2019:20:19:25] "GET /poll HTTP/1.1" 200 18 "http://192.168.137.252:9999/" "Mozilla/5.0 (Linux; Android 6.0; XT1706) AppleWebKit/537.36 (KHTML, like Gecko) Chrome/77.0.3865.92 Mobile Safari/537.36"
192.168.137.156 - - [10/Oct/2019:20:19:30] "GET /poll HTTP/1.1" 200 18 "http://192.168.137.252:9999/" "Mozilla/5.0 (Linux; Android 6.0; XT1706) AppleWebKit/537.36 (KHTML, like Gecko) Chrome/77.0.3865.92 Mobile Safari/537.36"
192.168.137.156 - - [10/Oct/2019:20:19:36] "GET /poll HTTP/1.1" 200 18 "http://192.168.137.252:9999/" "Mozilla/5.0 (Linux; Android 6.0; XT1706) AppleWebKit/537.36 (KHTML, like Gecko) Chrome/77.0.3865.92 Mobile Safari/537.36"
192.168.137.156 - - [10/Oct/2019:20:19:41] "GET /poll HTTP/1.1" 200 18 "http://192.168.137.252:9999/" "Mozilla/5.0 (Linux; Android 6.0; XT1706) AppleWebKit/537.36 (KHTML, like Gecko) Chrome/77.0.3865.92 Mobile Safari/537.36"
192.168.137.125 - - [10/Oct/2019:20:19:46] "GET /static/app.html HTTP/1.1" 200 1924 "" "Mozilla/5.0 (Linux; Android 9; GM1901) AppleWebKit/537.36 (KHTML, like Gecko) Chrome/77.0.3865.92 Mobile Safari/537.36"
192.168.137.125 - - [10/Oct/2019:20:19:46] "GET /static/ratchet.css HTTP/1.1" 200 31082 "http://192.168.137.252:9999/" "Mozilla/5.0 (Linux; Android 9; GM1901) AppleWebKit/537.36 (KHTML, like Gecko) Chrome/77.0.3865.92 Mobile Safari/537.36"
192.168.137.125 - - [10/Oct/2019:20:19:46] "GET /static/ratchet.js HTTP/1.1" 200 21726 "http://192.168.137.252:9999/" "Mozilla/5.0 (Linux; Android 9; GM1901) AppleWebKit/537.36 (KHTML, like Gecko) Chrome/77.0.3865.92 Mobile Safari/537.36"
192.168.137.125 - - [10/Oct/2019:20:19:46] "GET /static/jquery-1.9.0.min.js HTTP/1.1" 200 93068 "http://192.168.137.252:9999/" "Mozilla/5.0 (Linux; Android 9; GM1901) AppleWebKit/537.36 (KHTML, like Gecko) Chrome/77.0.3865.92 Mobile Safari/537.36"
192.168.137.125 - - [10/Oct/2019:20:19:46] "GET /static/piui.js HTTP/1.1" 200 4114 "http://192.168.137.252:9999/" "Mozilla/5.0 (Linux; Android 9; GM1901) AppleWebKit/537.36 (KHTML, like Gecko) Chrome/77.0.3865.92 Mobile Safari/537.36"
192.168.137.125 - - [10/Oct/2019:20:19:46] "GET /init HTTP/1.1" 200 2 "http://192.168.137.252:9999/" "Mozilla/5.0 (Linux; Android 9; GM1901) AppleWebKit/537.36 (KHTML, like Gecko) Chrome/77.0.3865.92 Mobile Safari/537.36"
192.168.137.125 - - [10/Oct/2019:20:19:46] "GET /favicon.ico HTTP/1.1" 200 1406 "http://192.168.137.252:9999/" "Mozilla/5.0 (Linux; Android 9; GM1901) AppleWebKit/537.36 (KHTML, like Gecko) Chrome/77.0.3865.92 Mobile Safari/537.36"
192.168.137.125 - - [10/Oct/2019:20:19:46] "GET /static/icon.png HTTP/1.1" 200 6530 "http://192.168.137.252:9999/" "Mozilla/5.0 (Linux; Android 9; GM1901) AppleWebKit/537.36 (KHTML, like Gecko) Chrome/77.0.3865.92 Mobile Safari/537.36"
192.168.137.125 - - [10/Oct/2019:20:19:46] "GET /poll HTTP/1.1" 200 32 "http://192.168.137.252:9999/" "Mozilla/5.0 (Linux; Android 9; GM1901) AppleWebKit/537.36 (KHTML, like Gecko) Chrome/77.0.3865.92 Mobile Safari/537.36"
192.168.137.125 - - [10/Oct/2019:20:19:46] "GET /poll HTTP/1.1" 200 49 "http://192.168.137.252:9999/" "Mozilla/5.0 (Linux; Android 9; GM1901) AppleWebKit/537.36 (KHTML, like Gecko) Chrome/77.0.3865.92 Mobile Safari/537.36"
192.168.137.125 - - [10/Oct/2019:20:19:46] "GET /poll HTTP/1.1" 200 149 "http://192.168.137.252:9999/" "Mozilla/5.0 (Linux; Android 9; GM1901) AppleWebKit/537.36 (KHTML, like Gecko) Chrome/77.0.3865.92 Mobile Safari/537.36"
192.168.137.125 - - [10/Oct/2019:20:19:46] "GET /poll HTTP/1.1" 200 143 "http://192.168.137.252:9999/" "Mozilla/5.0 (Linux; Android 9; GM1901) AppleWebKit/537.36 (KHTML, like Gecko) Chrome/77.0.3865.92 Mobile Safari/537.36"
192.168.137.125 - - [10/Oct/2019:20:19:47] "GET /poll HTTP/1.1" 200 144 "http://192.168.137.252:9999/" "Mozilla/5.0 (Linux; Android 9; GM1901) AppleWebKit/537.36 (KHTML, like Gecko) Chrome/77.0.3865.92 Mobile Safari/537.36"
192.168.137.125 - - [10/Oct/2019:20:19:47] "GET /poll HTTP/1.1" 200 146 "http://192.168.137.252:9999/" "Mozilla/5.0 (Linux; Android 9; GM1901) AppleWebKit/537.36 (KHTML, like Gecko) Chrome/77.0.3865.92 Mobile Safari/537.36"
192.168.137.125 - - [10/Oct/2019:20:19:47] "GET /poll HTTP/1.1" 200 78 "http://192.168.137.252:9999/" "Mozilla/5.0 (Linux; Android 9; GM1901) AppleWebKit/537.36 (KHTML, like Gecko) Chrome/77.0.3865.92 Mobile Safari/537.36"
192.168.137.125 - - [10/Oct/2019:20:19:52] "GET /poll HTTP/1.1" 200 18 "http://192.168.137.252:9999/" "Mozilla/5.0 (Linux; Android 9; GM1901) AppleWebKit/537.36 (KHTML, like Gecko) Chrome/77.0.3865.92 Mobile Safari/537.36"
192.168.137.125 - - [10/Oct/2019:20:19:52] "GET /static/app.html HTTP/1.1" 304 - "" "Mozilla/5.0 (Linux; Android 9; GM1901) AppleWebKit/537.36 (KHTML, like Gecko) Chrome/77.0.3865.92 Mobile Safari/537.36"
192.168.137.125 - - [10/Oct/2019:20:19:52] "GET /init HTTP/1.1" 200 2 "http://192.168.137.252:9999/" "Mozilla/5.0 (Linux; Android 9; GM1901) AppleWebKit/537.36 (KHTML, like Gecko) Chrome/77.0.3865.92 Mobile Safari/537.36"
192.168.137.125 - - [10/Oct/2019:20:19:52] "GET /poll HTTP/1.1" 200 32 "http://192.168.137.252:9999/" "Mozilla/5.0 (Linux; Android 9; GM1901) AppleWebKit/537.36 (KHTML, like Gecko) Chrome/77.0.3865.92 Mobile Safari/537.36"
192.168.137.125 - - [10/Oct/2019:20:19:52] "GET /favicon.ico HTTP/1.1" 200 1406 "http://192.168.137.252:9999/" "Mozilla/5.0 (Linux; Android 9; GM1901) AppleWebKit/537.36 (KHTML, like Gecko) Chrome/77.0.3865.92 Mobile Safari/537.36"
192.168.137.125 - - [10/Oct/2019:20:19:52] "GET /poll HTTP/1.1" 200 49 "http://192.168.137.252:9999/" "Mozilla/5.0 (Linux; Android 9; GM1901) AppleWebKit/537.36 (KHTML, like Gecko) Chrome/77.0.3865.92 Mobile Safari/537.36"
192.168.137.125 - - [10/Oct/2019:20:19:52] "GET /poll HTTP/1.1" 200 149 "http://192.168.137.252:9999/" "Mozilla/5.0 (Linux; Android 9; GM1901) AppleWebKit/537.36 (KHTML, like Gecko) Chrome/77.0.3865.92 Mobile Safari/537.36"
192.168.137.125 - - [10/Oct/2019:20:19:52] "GET /poll HTTP/1.1" 200 143 "http://192.168.137.252:9999/" "Mozilla/5.0 (Linux; Android 9; GM1901) AppleWebKit/537.36 (KHTML, like Gecko) Chrome/77.0.3865.92 Mobile Safari/537.36"
192.168.137.125 - - [10/Oct/2019:20:19:52] "GET /poll HTTP/1.1" 200 144 "http://192.168.137.252:9999/" "Mozilla/5.0 (Linux; Android 9; GM1901) AppleWebKit/537.36 (KHTML, like Gecko) Chrome/77.0.3865.92 Mobile Safari/537.36"
192.168.137.125 - - [10/Oct/2019:20:19:52] "GET /poll HTTP/1.1" 200 146 "http://192.168.137.252:9999/" "Mozilla/5.0 (Linux; Android 9; GM1901) AppleWebKit/537.36 (KHTML, like Gecko) Chrome/77.0.3865.92 Mobile Safari/537.36"
192.168.137.125 - - [10/Oct/2019:20:19:52] "GET /poll HTTP/1.1" 200 78 "http://192.168.137.252:9999/" "Mozilla/5.0 (Linux; Android 9; GM1901) AppleWebKit/537.36 (KHTML, like Gecko) Chrome/77.0.3865.92 Mobile Safari/537.36"
192.168.137.156 - - [10/Oct/2019:20:19:54] "GET /static/app.html HTTP/1.1" 304 - "" "Mozilla/5.0 (Linux; Android 6.0; XT1706) AppleWebKit/537.36 (KHTML, like Gecko) Chrome/77.0.3865.92 Mobile Safari/537.36"
192.168.137.156 - - [10/Oct/2019:20:19:54] "GET /init HTTP/1.1" 200 2 "http://192.168.137.252:9999/" "Mozilla/5.0 (Linux; Android 6.0; XT1706) AppleWebKit/537.36 (KHTML, like Gecko) Chrome/77.0.3865.92 Mobile Safari/537.36"
192.168.137.125 - - [10/Oct/2019:20:19:54] "GET /poll HTTP/1.1" 200 32 "http://192.168.137.252:9999/" "Mozilla/5.0 (Linux; Android 9; GM1901) AppleWebKit/537.36 (KHTML, like Gecko) Chrome/77.0.3865.92 Mobile Safari/537.36"
192.168.137.156 - - [10/Oct/2019:20:19:54] "GET /favicon.ico HTTP/1.1" 200 1406 "http://192.168.137.252:9999/" "Mozilla/5.0 (Linux; Android 6.0; XT1706) AppleWebKit/537.36 (KHTML, like Gecko) Chrome/77.0.3865.92 Mobile Safari/537.36"
192.168.137.156 - - [10/Oct/2019:20:19:54] "GET /poll HTTP/1.1" 200 49 "http://192.168.137.252:9999/" "Mozilla/5.0 (Linux; Android 6.0; XT1706) AppleWebKit/537.36 (KHTML, like Gecko) Chrome/77.0.3865.92 Mobile Safari/537.36"
192.168.137.156 - - [10/Oct/2019:20:19:54] "GET /poll HTTP/1.1" 200 149 "http://192.168.137.252:9999/" "Mozilla/5.0 (Linux; Android 6.0; XT1706) AppleWebKit/537.36 (KHTML, like Gecko) Chrome/77.0.3865.92 Mobile Safari/537.36"
192.168.137.125 - - [10/Oct/2019:20:19:54] "GET /poll HTTP/1.1" 200 143 "http://192.168.137.252:9999/" "Mozilla/5.0 (Linux; Android 9; GM1901) AppleWebKit/537.36 (KHTML, like Gecko) Chrome/77.0.3865.92 Mobile Safari/537.36"
192.168.137.125 - - [10/Oct/2019:20:19:54] "GET /poll HTTP/1.1" 200 144 "http://192.168.137.252:9999/" "Mozilla/5.0 (Linux; Android 9; GM1901) AppleWebKit/537.36 (KHTML, like Gecko) Chrome/77.0.3865.92 Mobile Safari/537.36"
192.168.137.125 - - [10/Oct/2019:20:19:54] "GET /poll HTTP/1.1" 200 146 "http://192.168.137.252:9999/" "Mozilla/5.0 (Linux; Android 9; GM1901) AppleWebKit/537.36 (KHTML, like Gecko) Chrome/77.0.3865.92 Mobile Safari/537.36"
192.168.137.156 - - [10/Oct/2019:20:19:54] "GET /poll HTTP/1.1" 200 78 "http://192.168.137.252:9999/" "Mozilla/5.0 (Linux; Android 6.0; XT1706) AppleWebKit/537.36 (KHTML, like Gecko) Chrome/77.0.3865.92 Mobile Safari/537.36"
192.168.137.125 - - [10/Oct/2019:20:19:59] "GET /poll HTTP/1.1" 200 18 "http://192.168.137.252:9999/" "Mozilla/5.0 (Linux; Android 9; GM1901) AppleWebKit/537.36 (KHTML, like Gecko) Chrome/77.0.3865.92 Mobile Safari/537.36"
192.168.137.156 - - [10/Oct/2019:20:19:59] "GET /poll HTTP/1.1" 200 18 "http://192.168.137.252:9999/" "Mozilla/5.0 (Linux; Android 6.0; XT1706) AppleWebKit/537.36 (KHTML, like Gecko) Chrome/77.0.3865.92 Mobile Safari/537.36"
192.168.137.125 - - [10/Oct/2019:20:20:02] "GET /static/app.html HTTP/1.1" 304 - "" "Mozilla/5.0 (Linux; Android 9; GM1901) AppleWebKit/537.36 (KHTML, like Gecko) Chrome/77.0.3865.92 Mobile Safari/537.36"
192.168.137.125 - - [10/Oct/2019:20:20:02] "GET /poll HTTP/1.1" 200 32 "http://192.168.137.252:9999/" "Mozilla/5.0 (Linux; Android 9; GM1901) AppleWebKit/537.36 (KHTML, like Gecko) Chrome/77.0.3865.92 Mobile Safari/537.36"
192.168.137.156 - - [10/Oct/2019:20:20:02] "GET /poll HTTP/1.1" 200 49 "http://192.168.137.252:9999/" "Mozilla/5.0 (Linux; Android 6.0; XT1706) AppleWebKit/537.36 (KHTML, like Gecko) Chrome/77.0.3865.92 Mobile Safari/537.36"
192.168.137.125 - - [10/Oct/2019:20:20:02] "GET /favicon.ico HTTP/1.1" 200 1406 "http://192.168.137.252:9999/" "Mozilla/5.0 (Linux; Android 9; GM1901) AppleWebKit/537.36 (KHTML, like Gecko) Chrome/77.0.3865.92 Mobile Safari/537.36"
192.168.137.125 - - [10/Oct/2019:20:20:02] "GET /init HTTP/1.1" 200 2 "http://192.168.137.252:9999/" "Mozilla/5.0 (Linux; Android 9; GM1901) AppleWebKit/537.36 (KHTML, like Gecko) Chrome/77.0.3865.92 Mobile Safari/537.36"
192.168.137.125 - - [10/Oct/2019:20:20:02] "GET /poll HTTP/1.1" 200 149 "http://192.168.137.252:9999/" "Mozilla/5.0 (Linux; Android 9; GM1901) AppleWebKit/537.36 (KHTML, like Gecko) Chrome/77.0.3865.92 Mobile Safari/537.36"
192.168.137.125 - - [10/Oct/2019:20:20:02] "GET /poll HTTP/1.1" 200 143 "http://192.168.137.252:9999/" "Mozilla/5.0 (Linux; Android 9; GM1901) AppleWebKit/537.36 (KHTML, like Gecko) Chrome/77.0.3865.92 Mobile Safari/537.36"
192.168.137.125 - - [10/Oct/2019:20:20:02] "GET /poll HTTP/1.1" 200 144 "http://192.168.137.252:9999/" "Mozilla/5.0 (Linux; Android 9; GM1901) AppleWebKit/537.36 (KHTML, like Gecko) Chrome/77.0.3865.92 Mobile Safari/537.36"
192.168.137.125 - - [10/Oct/2019:20:20:02] "GET /poll HTTP/1.1" 200 146 "http://192.168.137.252:9999/" "Mozilla/5.0 (Linux; Android 9; GM1901) AppleWebKit/537.36 (KHTML, like Gecko) Chrome/77.0.3865.92 Mobile Safari/537.36"
192.168.137.125 - - [10/Oct/2019:20:20:02] "GET /poll HTTP/1.1" 200 78 "http://192.168.137.252:9999/" "Mozilla/5.0 (Linux; Android 9; GM1901) AppleWebKit/537.36 (KHTML, like Gecko) Chrome/77.0.3865.92 Mobile Safari/537.36"
192.168.137.125 - - [10/Oct/2019:20:20:07] "GET /poll HTTP/1.1" 200 18 "http://192.168.137.252:9999/" "Mozilla/5.0 (Linux; Android 9; GM1901) AppleWebKit/537.36 (KHTML, like Gecko) Chrome/77.0.3865.92 Mobile Safari/537.36"
192.168.137.156 - - [10/Oct/2019:20:20:07] "GET /poll HTTP/1.1" 200 18 "http://192.168.137.252:9999/" "Mozilla/5.0 (Linux; Android 6.0; XT1706) AppleWebKit/537.36 (KHTML, like Gecko) Chrome/77.0.3865.92 Mobile Safari/537.36"
192.168.137.125 - - [10/Oct/2019:20:20:12] "GET /poll HTTP/1.1" 200 18 "http://192.168.137.252:9999/" "Mozilla/5.0 (Linux; Android 9; GM1901) AppleWebKit/537.36 (KHTML, like Gecko) Chrome/77.0.3865.92 Mobile Safari/537.36"
192.168.137.156 - - [10/Oct/2019:20:20:12] "GET /poll HTTP/1.1" 200 18 "http://192.168.137.252:9999/" "Mozilla/5.0 (Linux; Android 6.0; XT1706) AppleWebKit/537.36 (KHTML, like Gecko) Chrome/77.0.3865.92 Mobile Safari/537.36"
192.168.137.125 - - [10/Oct/2019:20:20:13] "GET /static/app.html HTTP/1.1" 304 - "" "Mozilla/5.0 (Linux; Android 9; GM1901) AppleWebKit/537.36 (KHTML, like Gecko) Chrome/77.0.3865.92 Mobile Safari/537.36"
192.168.137.125 - - [10/Oct/2019:20:20:13] "GET /poll HTTP/1.1" 200 32 "http://192.168.137.252:9999/" "Mozilla/5.0 (Linux; Android 9; GM1901) AppleWebKit/537.36 (KHTML, like Gecko) Chrome/77.0.3865.92 Mobile Safari/537.36"
192.168.137.125 - - [10/Oct/2019:20:20:13] "GET /init HTTP/1.1" 200 2 "http://192.168.137.252:9999/" "Mozilla/5.0 (Linux; Android 9; GM1901) AppleWebKit/537.36 (KHTML, like Gecko) Chrome/77.0.3865.92 Mobile Safari/537.36"
192.168.137.156 - - [10/Oct/2019:20:20:13] "GET /poll HTTP/1.1" 200 49 "http://192.168.137.252:9999/" "Mozilla/5.0 (Linux; Android 6.0; XT1706) AppleWebKit/537.36 (KHTML, like Gecko) Chrome/77.0.3865.92 Mobile Safari/537.36"
192.168.137.125 - - [10/Oct/2019:20:20:13] "GET /favicon.ico HTTP/1.1" 200 1406 "http://192.168.137.252:9999/" "Mozilla/5.0 (Linux; Android 9; GM1901) AppleWebKit/537.36 (KHTML, like Gecko) Chrome/77.0.3865.92 Mobile Safari/537.36"
192.168.137.125 - - [10/Oct/2019:20:20:13] "GET /poll HTTP/1.1" 200 149 "http://192.168.137.252:9999/" "Mozilla/5.0 (Linux; Android 9; GM1901) AppleWebKit/537.36 (KHTML, like Gecko) Chrome/77.0.3865.92 Mobile Safari/537.36"
192.168.137.125 - - [10/Oct/2019:20:20:13] "GET /poll HTTP/1.1" 200 143 "http://192.168.137.252:9999/" "Mozilla/5.0 (Linux; Android 9; GM1901) AppleWebKit/537.36 (KHTML, like Gecko) Chrome/77.0.3865.92 Mobile Safari/537.36"
192.168.137.125 - - [10/Oct/2019:20:20:13] "GET /poll HTTP/1.1" 200 144 "http://192.168.137.252:9999/" "Mozilla/5.0 (Linux; Android 9; GM1901) AppleWebKit/537.36 (KHTML, like Gecko) Chrome/77.0.3865.92 Mobile Safari/537.36"
192.168.137.125 - - [10/Oct/2019:20:20:13] "GET /poll HTTP/1.1" 200 146 "http://192.168.137.252:9999/" "Mozilla/5.0 (Linux; Android 9; GM1901) AppleWebKit/537.36 (KHTML, like Gecko) Chrome/77.0.3865.92 Mobile Safari/537.36"
192.168.137.156 - - [10/Oct/2019:20:20:13] "GET /poll HTTP/1.1" 200 78 "http://192.168.137.252:9999/" "Mozilla/5.0 (Linux; Android 6.0; XT1706) AppleWebKit/537.36 (KHTML, like Gecko) Chrome/77.0.3865.92 Mobile Safari/537.36"
192.168.137.125 - - [10/Oct/2019:20:20:16] "GET /static/app.html HTTP/1.1" 304 - "" "Mozilla/5.0 (Linux; Android 9; GM1901) AppleWebKit/537.36 (KHTML, like Gecko) Chrome/77.0.3865.92 Mobile Safari/537.36"
192.168.137.125 - - [10/Oct/2019:20:20:17] "GET /init HTTP/1.1" 200 2 "http://192.168.137.252:9999/" "Mozilla/5.0 (Linux; Android 9; GM1901) AppleWebKit/537.36 (KHTML, like Gecko) Chrome/77.0.3865.92 Mobile Safari/537.36"
192.168.137.125 - - [10/Oct/2019:20:20:17] "GET /poll HTTP/1.1" 200 32 "http://192.168.137.252:9999/" "Mozilla/5.0 (Linux; Android 9; GM1901) AppleWebKit/537.36 (KHTML, like Gecko) Chrome/77.0.3865.92 Mobile Safari/537.36"
192.168.137.156 - - [10/Oct/2019:20:20:17] "GET /poll HTTP/1.1" 200 49 "http://192.168.137.252:9999/" "Mozilla/5.0 (Linux; Android 6.0; XT1706) AppleWebKit/537.36 (KHTML, like Gecko) Chrome/77.0.3865.92 Mobile Safari/537.36"
192.168.137.125 - - [10/Oct/2019:20:20:17] "GET /favicon.ico HTTP/1.1" 200 1406 "http://192.168.137.252:9999/" "Mozilla/5.0 (Linux; Android 9; GM1901) AppleWebKit/537.36 (KHTML, like Gecko) Chrome/77.0.3865.92 Mobile Safari/537.36"
192.168.137.125 - - [10/Oct/2019:20:20:17] "GET /poll HTTP/1.1" 200 149 "http://192.168.137.252:9999/" "Mozilla/5.0 (Linux; Android 9; GM1901) AppleWebKit/537.36 (KHTML, like Gecko) Chrome/77.0.3865.92 Mobile Safari/537.36"
192.168.137.125 - - [10/Oct/2019:20:20:17] "GET /poll HTTP/1.1" 200 143 "http://192.168.137.252:9999/" "Mozilla/5.0 (Linux; Android 9; GM1901) AppleWebKit/537.36 (KHTML, like Gecko) Chrome/77.0.3865.92 Mobile Safari/537.36"
192.168.137.125 - - [10/Oct/2019:20:20:17] "GET /poll HTTP/1.1" 200 144 "http://192.168.137.252:9999/" "Mozilla/5.0 (Linux; Android 9; GM1901) AppleWebKit/537.36 (KHTML, like Gecko) Chrome/77.0.3865.92 Mobile Safari/537.36"
192.168.137.125 - - [10/Oct/2019:20:20:17] "GET /poll HTTP/1.1" 200 146 "http://192.168.137.252:9999/" "Mozilla/5.0 (Linux; Android 9; GM1901) AppleWebKit/537.36 (KHTML, like Gecko) Chrome/77.0.3865.92 Mobile Safari/537.36"
192.168.137.125 - - [10/Oct/2019:20:20:17] "GET /poll HTTP/1.1" 200 78 "http://192.168.137.252:9999/" "Mozilla/5.0 (Linux; Android 9; GM1901) AppleWebKit/537.36 (KHTML, like Gecko) Chrome/77.0.3865.92 Mobile Safari/537.36"
192.168.137.156 - - [10/Oct/2019:20:20:17] "GET /static/app.html HTTP/1.1" 304 - "" "Mozilla/5.0 (Linux; Android 6.0; XT1706) AppleWebKit/537.36 (KHTML, like Gecko) Chrome/77.0.3865.92 Mobile Safari/537.36"
192.168.137.156 - - [10/Oct/2019:20:20:17] "GET /init HTTP/1.1" 200 2 "http://192.168.137.252:9999/" "Mozilla/5.0 (Linux; Android 6.0; XT1706) AppleWebKit/537.36 (KHTML, like Gecko) Chrome/77.0.3865.92 Mobile Safari/537.36"
192.168.137.156 - - [10/Oct/2019:20:20:17] "GET /poll HTTP/1.1" 200 32 "http://192.168.137.252:9999/" "Mozilla/5.0 (Linux; Android 6.0; XT1706) AppleWebKit/537.36 (KHTML, like Gecko) Chrome/77.0.3865.92 Mobile Safari/537.36"
192.168.137.125 - - [10/Oct/2019:20:20:17] "GET /poll HTTP/1.1" 200 49 "http://192.168.137.252:9999/" "Mozilla/5.0 (Linux; Android 9; GM1901) AppleWebKit/537.36 (KHTML, like Gecko) Chrome/77.0.3865.92 Mobile Safari/537.36"
192.168.137.156 - - [10/Oct/2019:20:20:17] "GET /favicon.ico HTTP/1.1" 200 1406 "http://192.168.137.252:9999/" "Mozilla/5.0 (Linux; Android 6.0; XT1706) AppleWebKit/537.36 (KHTML, like Gecko) Chrome/77.0.3865.92 Mobile Safari/537.36"
192.168.137.156 - - [10/Oct/2019:20:20:17] "GET /poll HTTP/1.1" 200 149 "http://192.168.137.252:9999/" "Mozilla/5.0 (Linux; Android 6.0; XT1706) AppleWebKit/537.36 (KHTML, like Gecko) Chrome/77.0.3865.92 Mobile Safari/537.36"
192.168.137.156 - - [10/Oct/2019:20:20:17] "GET /poll HTTP/1.1" 200 143 "http://192.168.137.252:9999/" "Mozilla/5.0 (Linux; Android 6.0; XT1706) AppleWebKit/537.36 (KHTML, like Gecko) Chrome/77.0.3865.92 Mobile Safari/537.36"
192.168.137.156 - - [10/Oct/2019:20:20:17] "GET /poll HTTP/1.1" 200 144 "http://192.168.137.252:9999/" "Mozilla/5.0 (Linux; Android 6.0; XT1706) AppleWebKit/537.36 (KHTML, like Gecko) Chrome/77.0.3865.92 Mobile Safari/537.36"
192.168.137.156 - - [10/Oct/2019:20:20:17] "GET /poll HTTP/1.1" 200 146 "http://192.168.137.252:9999/" "Mozilla/5.0 (Linux; Android 6.0; XT1706) AppleWebKit/537.36 (KHTML, like Gecko) Chrome/77.0.3865.92 Mobile Safari/537.36"
192.168.137.156 - - [10/Oct/2019:20:20:18] "GET /poll HTTP/1.1" 200 78 "http://192.168.137.252:9999/" "Mozilla/5.0 (Linux; Android 6.0; XT1706) AppleWebKit/537.36 (KHTML, like Gecko) Chrome/77.0.3865.92 Mobile Safari/537.36"
192.168.137.156 - - [10/Oct/2019:20:20:20] "GET /static/app.html HTTP/1.1" 304 - "" "Mozilla/5.0 (Linux; Android 6.0; XT1706) AppleWebKit/537.36 (KHTML, like Gecko) Chrome/77.0.3865.92 Mobile Safari/537.36"
192.168.137.156 - - [10/Oct/2019:20:20:20] "GET /init HTTP/1.1" 200 2 "http://192.168.137.252:9999/" "Mozilla/5.0 (Linux; Android 6.0; XT1706) AppleWebKit/537.36 (KHTML, like Gecko) Chrome/77.0.3865.92 Mobile Safari/537.36"
192.168.137.156 - - [10/Oct/2019:20:20:20] "GET /poll HTTP/1.1" 200 32 "http://192.168.137.252:9999/" "Mozilla/5.0 (Linux; Android 6.0; XT1706) AppleWebKit/537.36 (KHTML, like Gecko) Chrome/77.0.3865.92 Mobile Safari/537.36"
192.168.137.125 - - [10/Oct/2019:20:20:20] "GET /poll HTTP/1.1" 200 49 "http://192.168.137.252:9999/" "Mozilla/5.0 (Linux; Android 9; GM1901) AppleWebKit/537.36 (KHTML, like Gecko) Chrome/77.0.3865.92 Mobile Safari/537.36"
192.168.137.156 - - [10/Oct/2019:20:20:20] "GET /favicon.ico HTTP/1.1" 200 1406 "http://192.168.137.252:9999/" "Mozilla/5.0 (Linux; Android 6.0; XT1706) AppleWebKit/537.36 (KHTML, like Gecko) Chrome/77.0.3865.92 Mobile Safari/537.36"
192.168.137.156 - - [10/Oct/2019:20:20:20] "GET /poll HTTP/1.1" 200 149 "http://192.168.137.252:9999/" "Mozilla/5.0 (Linux; Android 6.0; XT1706) AppleWebKit/537.36 (KHTML, like Gecko) Chrome/77.0.3865.92 Mobile Safari/537.36"
192.168.137.156 - - [10/Oct/2019:20:20:20] "GET /poll HTTP/1.1" 200 143 "http://192.168.137.252:9999/" "Mozilla/5.0 (Linux; Android 6.0; XT1706) AppleWebKit/537.36 (KHTML, like Gecko) Chrome/77.0.3865.92 Mobile Safari/537.36"
192.168.137.156 - - [10/Oct/2019:20:20:20] "GET /poll HTTP/1.1" 200 144 "http://192.168.137.252:9999/" "Mozilla/5.0 (Linux; Android 6.0; XT1706) AppleWebKit/537.36 (KHTML, like Gecko) Chrome/77.0.3865.92 Mobile Safari/537.36"
192.168.137.156 - - [10/Oct/2019:20:20:20] "GET /poll HTTP/1.1" 200 146 "http://192.168.137.252:9999/" "Mozilla/5.0 (Linux; Android 6.0; XT1706) AppleWebKit/537.36 (KHTML, like Gecko) Chrome/77.0.3865.92 Mobile Safari/537.36"
192.168.137.125 - - [10/Oct/2019:20:20:20] "GET /poll HTTP/1.1" 200 78 "http://192.168.137.252:9999/" "Mozilla/5.0 (Linux; Android 9; GM1901) AppleWebKit/537.36 (KHTML, like Gecko) Chrome/77.0.3865.92 Mobile Safari/537.36"
192.168.137.156 - - [10/Oct/2019:20:20:25] "GET /poll HTTP/1.1" 200 18 "http://192.168.137.252:9999/" "Mozilla/5.0 (Linux; Android 6.0; XT1706) AppleWebKit/537.36 (KHTML, like Gecko) Chrome/77.0.3865.92 Mobile Safari/537.36"
192.168.137.125 - - [10/Oct/2019:20:20:26] "GET /poll HTTP/1.1" 200 18 "http://192.168.137.252:9999/" "Mozilla/5.0 (Linux; Android 9; GM1901) AppleWebKit/537.36 (KHTML, like Gecko) Chrome/77.0.3865.92 Mobile Safari/537.36"
192.168.137.171 - - [10/Oct/2019:20:20:30] "GET /static/app.html HTTP/1.1" 200 1924 "" "Mozilla/5.0 (iPhone; CPU iPhone OS 12_1 like Mac OS X) AppleWebKit/605.1.15 (KHTML, like Gecko) CriOS/77.0.3865.103 Mobile/15E148 Safari/605.1"
192.168.137.171 - - [10/Oct/2019:20:20:30] "GET /static/ratchet.css HTTP/1.1" 200 31082 "http://192.168.137.252:9999/" "Mozilla/5.0 (iPhone; CPU iPhone OS 12_1 like Mac OS X) AppleWebKit/605.1.15 (KHTML, like Gecko) CriOS/77.0.3865.103 Mobile/15E148 Safari/605.1"
192.168.137.171 - - [10/Oct/2019:20:20:30] "GET /static/jquery-1.9.0.min.js HTTP/1.1" 200 93068 "http://192.168.137.252:9999/" "Mozilla/5.0 (iPhone; CPU iPhone OS 12_1 like Mac OS X) AppleWebKit/605.1.15 (KHTML, like Gecko) CriOS/77.0.3865.103 Mobile/15E148 Safari/605.1"
192.168.137.171 - - [10/Oct/2019:20:20:30] "GET /static/ratchet.js HTTP/1.1" 200 21726 "http://192.168.137.252:9999/" "Mozilla/5.0 (iPhone; CPU iPhone OS 12_1 like Mac OS X) AppleWebKit/605.1.15 (KHTML, like Gecko) CriOS/77.0.3865.103 Mobile/15E148 Safari/605.1"
192.168.137.171 - - [10/Oct/2019:20:20:30] "GET /static/piui.js HTTP/1.1" 200 4114 "http://192.168.137.252:9999/" "Mozilla/5.0 (iPhone; CPU iPhone OS 12_1 like Mac OS X) AppleWebKit/605.1.15 (KHTML, like Gecko) CriOS/77.0.3865.103 Mobile/15E148 Safari/605.1"
192.168.137.171 - - [10/Oct/2019:20:20:30] "GET /init HTTP/1.1" 200 2 "http://192.168.137.252:9999/" "Mozilla/5.0 (iPhone; CPU iPhone OS 12_1 like Mac OS X) AppleWebKit/605.1.15 (KHTML, like Gecko) CriOS/77.0.3865.103 Mobile/15E148 Safari/605.1"
192.168.137.156 - - [10/Oct/2019:20:20:30] "GET /poll HTTP/1.1" 200 32 "http://192.168.137.252:9999/" "Mozilla/5.0 (Linux; Android 6.0; XT1706) AppleWebKit/537.36 (KHTML, like Gecko) Chrome/77.0.3865.92 Mobile Safari/537.36"
192.168.137.125 - - [10/Oct/2019:20:20:30] "GET /poll HTTP/1.1" 200 49 "http://192.168.137.252:9999/" "Mozilla/5.0 (Linux; Android 9; GM1901) AppleWebKit/537.36 (KHTML, like Gecko) Chrome/77.0.3865.92 Mobile Safari/537.36"
192.168.137.171 - - [10/Oct/2019:20:20:30] "GET /favicon.ico HTTP/1.1" 200 1406 "" "Mozilla/5.0 (iPhone; CPU iPhone OS 12_1 like Mac OS X) AppleWebKit/605.1.15 (KHTML, like Gecko) CriOS/77.0.3865.103 Mobile/15E148 Safari/605.1"
192.168.137.171 - - [10/Oct/2019:20:20:30] "GET /static/icon.png HTTP/1.1" 200 6530 "" "Mozilla/5.0 (iPhone; CPU iPhone OS 12_1 like Mac OS X) AppleWebKit/605.1.15 (KHTML, like Gecko) CriOS/77.0.3865.103 Mobile/15E148 Safari/605.1"
192.168.137.171 - - [10/Oct/2019:20:20:31] "GET /poll HTTP/1.1" 200 149 "http://192.168.137.252:9999/" "Mozilla/5.0 (iPhone; CPU iPhone OS 12_1 like Mac OS X) AppleWebKit/605.1.15 (KHTML, like Gecko) CriOS/77.0.3865.103 Mobile/15E148 Safari/605.1"
192.168.137.171 - - [10/Oct/2019:20:20:31] "GET /poll HTTP/1.1" 200 143 "http://192.168.137.252:9999/" "Mozilla/5.0 (iPhone; CPU iPhone OS 12_1 like Mac OS X) AppleWebKit/605.1.15 (KHTML, like Gecko) CriOS/77.0.3865.103 Mobile/15E148 Safari/605.1"
192.168.137.125 - - [10/Oct/2019:20:20:31] "GET /poll HTTP/1.1" 200 144 "http://192.168.137.252:9999/" "Mozilla/5.0 (Linux; Android 9; GM1901) AppleWebKit/537.36 (KHTML, like Gecko) Chrome/77.0.3865.92 Mobile Safari/537.36"
192.168.137.125 - - [10/Oct/2019:20:20:31] "GET /poll HTTP/1.1" 200 146 "http://192.168.137.252:9999/" "Mozilla/5.0 (Linux; Android 9; GM1901) AppleWebKit/537.36 (KHTML, like Gecko) Chrome/77.0.3865.92 Mobile Safari/537.36"
192.168.137.125 - - [10/Oct/2019:20:20:31] "GET /poll HTTP/1.1" 200 78 "http://192.168.137.252:9999/" "Mozilla/5.0 (Linux; Android 9; GM1901) AppleWebKit/537.36 (KHTML, like Gecko) Chrome/77.0.3865.92 Mobile Safari/537.36"
192.168.137.156 - - [10/Oct/2019:20:20:36] "GET /poll HTTP/1.1" 200 18 "http://192.168.137.252:9999/" "Mozilla/5.0 (Linux; Android 6.0; XT1706) AppleWebKit/537.36 (KHTML, like Gecko) Chrome/77.0.3865.92 Mobile Safari/537.36"
192.168.137.125 - - [10/Oct/2019:20:20:36] "GET /poll HTTP/1.1" 200 18 "http://192.168.137.252:9999/" "Mozilla/5.0 (Linux; Android 9; GM1901) AppleWebKit/537.36 (KHTML, like Gecko) Chrome/77.0.3865.92 Mobile Safari/537.36"
192.168.137.171 - - [10/Oct/2019:20:20:36] "GET /poll HTTP/1.1" 200 18 "http://192.168.137.252:9999/" "Mozilla/5.0 (iPhone; CPU iPhone OS 12_1 like Mac OS X) AppleWebKit/605.1.15 (KHTML, like Gecko) CriOS/77.0.3865.103 Mobile/15E148 Safari/605.1"
192.168.137.125 - - [10/Oct/2019:20:20:39] "GET /static/app.html HTTP/1.1" 304 - "" "Mozilla/5.0 (Linux; Android 9; GM1901) AppleWebKit/537.36 (KHTML, like Gecko) Chrome/77.0.3865.92 Mobile Safari/537.36"
192.168.137.125 - - [10/Oct/2019:20:20:39] "GET /init HTTP/1.1" 200 2 "http://192.168.137.252:9999/" "Mozilla/5.0 (Linux; Android 9; GM1901) AppleWebKit/537.36 (KHTML, like Gecko) Chrome/77.0.3865.92 Mobile Safari/537.36"
192.168.137.156 - - [10/Oct/2019:20:20:39] "GET /poll HTTP/1.1" 200 32 "http://192.168.137.252:9999/" "Mozilla/5.0 (Linux; Android 6.0; XT1706) AppleWebKit/537.36 (KHTML, like Gecko) Chrome/77.0.3865.92 Mobile Safari/537.36"
192.168.137.171 - - [10/Oct/2019:20:20:39] "GET /poll HTTP/1.1" 200 49 "http://192.168.137.252:9999/" "Mozilla/5.0 (iPhone; CPU iPhone OS 12_1 like Mac OS X) AppleWebKit/605.1.15 (KHTML, like Gecko) CriOS/77.0.3865.103 Mobile/15E148 Safari/605.1"
192.168.137.125 - - [10/Oct/2019:20:20:39] "GET /poll HTTP/1.1" 200 149 "http://192.168.137.252:9999/" "Mozilla/5.0 (Linux; Android 9; GM1901) AppleWebKit/537.36 (KHTML, like Gecko) Chrome/77.0.3865.92 Mobile Safari/537.36"
192.168.137.125 - - [10/Oct/2019:20:20:39] "GET /favicon.ico HTTP/1.1" 200 1406 "http://192.168.137.252:9999/" "Mozilla/5.0 (Linux; Android 9; GM1901) AppleWebKit/537.36 (KHTML, like Gecko) Chrome/77.0.3865.92 Mobile Safari/537.36"
192.168.137.125 - - [10/Oct/2019:20:20:39] "GET /poll HTTP/1.1" 200 143 "http://192.168.137.252:9999/" "Mozilla/5.0 (Linux; Android 9; GM1901) AppleWebKit/537.36 (KHTML, like Gecko) Chrome/77.0.3865.92 Mobile Safari/537.36"
192.168.137.125 - - [10/Oct/2019:20:20:39] "GET /poll HTTP/1.1" 200 144 "http://192.168.137.252:9999/" "Mozilla/5.0 (Linux; Android 9; GM1901) AppleWebKit/537.36 (KHTML, like Gecko) Chrome/77.0.3865.92 Mobile Safari/537.36"
192.168.137.125 - - [10/Oct/2019:20:20:39] "GET /poll HTTP/1.1" 200 146 "http://192.168.137.252:9999/" "Mozilla/5.0 (Linux; Android 9; GM1901) AppleWebKit/537.36 (KHTML, like Gecko) Chrome/77.0.3865.92 Mobile Safari/537.36"
192.168.137.125 - - [10/Oct/2019:20:20:39] "GET /poll HTTP/1.1" 200 78 "http://192.168.137.252:9999/" "Mozilla/5.0 (Linux; Android 9; GM1901) AppleWebKit/537.36 (KHTML, like Gecko) Chrome/77.0.3865.92 Mobile Safari/537.36"
192.168.137.171 - - [10/Oct/2019:20:20:40] "GET /static/app.html HTTP/1.1" 200 1924 "" "Mozilla/5.0 (iPhone; CPU iPhone OS 12_1 like Mac OS X) AppleWebKit/605.1.15 (KHTML, like Gecko) CriOS/77.0.3865.103 Mobile/15E148 Safari/605.1"
192.168.137.171 - - [10/Oct/2019:20:20:40] "GET /init HTTP/1.1" 200 2 "http://192.168.137.252:9999/" "Mozilla/5.0 (iPhone; CPU iPhone OS 12_1 like Mac OS X) AppleWebKit/605.1.15 (KHTML, like Gecko) CriOS/77.0.3865.103 Mobile/15E148 Safari/605.1"
192.168.137.156 - - [10/Oct/2019:20:20:40] "GET /poll HTTP/1.1" 200 32 "http://192.168.137.252:9999/" "Mozilla/5.0 (Linux; Android 6.0; XT1706) AppleWebKit/537.36 (KHTML, like Gecko) Chrome/77.0.3865.92 Mobile Safari/537.36"
192.168.137.125 - - [10/Oct/2019:20:20:40] "GET /poll HTTP/1.1" 200 49 "http://192.168.137.252:9999/" "Mozilla/5.0 (Linux; Android 9; GM1901) AppleWebKit/537.36 (KHTML, like Gecko) Chrome/77.0.3865.92 Mobile Safari/537.36"
192.168.137.171 - - [10/Oct/2019:20:20:40] "GET /poll HTTP/1.1" 200 149 "http://192.168.137.252:9999/" "Mozilla/5.0 (iPhone; CPU iPhone OS 12_1 like Mac OS X) AppleWebKit/605.1.15 (KHTML, like Gecko) CriOS/77.0.3865.103 Mobile/15E148 Safari/605.1"
192.168.137.171 - - [10/Oct/2019:20:20:40] "GET /poll HTTP/1.1" 200 143 "http://192.168.137.252:9999/" "Mozilla/5.0 (iPhone; CPU iPhone OS 12_1 like Mac OS X) AppleWebKit/605.1.15 (KHTML, like Gecko) CriOS/77.0.3865.103 Mobile/15E148 Safari/605.1"
192.168.137.171 - - [10/Oct/2019:20:20:40] "GET /poll HTTP/1.1" 200 144 "http://192.168.137.252:9999/" "Mozilla/5.0 (iPhone; CPU iPhone OS 12_1 like Mac OS X) AppleWebKit/605.1.15 (KHTML, like Gecko) CriOS/77.0.3865.103 Mobile/15E148 Safari/605.1"
192.168.137.171 - - [10/Oct/2019:20:20:40] "GET /poll HTTP/1.1" 200 146 "http://192.168.137.252:9999/" "Mozilla/5.0 (iPhone; CPU iPhone OS 12_1 like Mac OS X) AppleWebKit/605.1.15 (KHTML, like Gecko) CriOS/77.0.3865.103 Mobile/15E148 Safari/605.1"
192.168.137.171 - - [10/Oct/2019:20:20:40] "GET /poll HTTP/1.1" 200 78 "http://192.168.137.252:9999/" "Mozilla/5.0 (iPhone; CPU iPhone OS 12_1 like Mac OS X) AppleWebKit/605.1.15 (KHTML, like Gecko) CriOS/77.0.3865.103 Mobile/15E148 Safari/605.1"
192.168.137.171 - - [10/Oct/2019:20:20:42] "GET /static/app.html HTTP/1.1" 200 1924 "" "Mozilla/5.0 (iPhone; CPU iPhone OS 12_1 like Mac OS X) AppleWebKit/605.1.15 (KHTML, like Gecko) CriOS/77.0.3865.103 Mobile/15E148 Safari/605.1"
192.168.137.171 - - [10/Oct/2019:20:20:42] "GET /init HTTP/1.1" 200 2 "http://192.168.137.252:9999/" "Mozilla/5.0 (iPhone; CPU iPhone OS 12_1 like Mac OS X) AppleWebKit/605.1.15 (KHTML, like Gecko) CriOS/77.0.3865.103 Mobile/15E148 Safari/605.1"
192.168.137.156 - - [10/Oct/2019:20:20:42] "GET /poll HTTP/1.1" 200 32 "http://192.168.137.252:9999/" "Mozilla/5.0 (Linux; Android 6.0; XT1706) AppleWebKit/537.36 (KHTML, like Gecko) Chrome/77.0.3865.92 Mobile Safari/537.36"
192.168.137.171 - - [10/Oct/2019:20:20:42] "GET /poll HTTP/1.1" 200 49 "http://192.168.137.252:9999/" "Mozilla/5.0 (iPhone; CPU iPhone OS 12_1 like Mac OS X) AppleWebKit/605.1.15 (KHTML, like Gecko) CriOS/77.0.3865.103 Mobile/15E148 Safari/605.1"
192.168.137.125 - - [10/Oct/2019:20:20:42] "GET /poll HTTP/1.1" 200 149 "http://192.168.137.252:9999/" "Mozilla/5.0 (Linux; Android 9; GM1901) AppleWebKit/537.36 (KHTML, like Gecko) Chrome/77.0.3865.92 Mobile Safari/537.36"
192.168.137.171 - - [10/Oct/2019:20:20:42] "GET /poll HTTP/1.1" 200 143 "http://192.168.137.252:9999/" "Mozilla/5.0 (iPhone; CPU iPhone OS 12_1 like Mac OS X) AppleWebKit/605.1.15 (KHTML, like Gecko) CriOS/77.0.3865.103 Mobile/15E148 Safari/605.1"
192.168.137.171 - - [10/Oct/2019:20:20:43] "GET /poll HTTP/1.1" 200 144 "http://192.168.137.252:9999/" "Mozilla/5.0 (iPhone; CPU iPhone OS 12_1 like Mac OS X) AppleWebKit/605.1.15 (KHTML, like Gecko) CriOS/77.0.3865.103 Mobile/15E148 Safari/605.1"
192.168.137.171 - - [10/Oct/2019:20:20:43] "GET /poll HTTP/1.1" 200 146 "http://192.168.137.252:9999/" "Mozilla/5.0 (iPhone; CPU iPhone OS 12_1 like Mac OS X) AppleWebKit/605.1.15 (KHTML, like Gecko) CriOS/77.0.3865.103 Mobile/15E148 Safari/605.1"
192.168.137.156 - - [10/Oct/2019:20:20:43] "GET /poll HTTP/1.1" 200 78 "http://192.168.137.252:9999/" "Mozilla/5.0 (Linux; Android 6.0; XT1706) AppleWebKit/537.36 (KHTML, like Gecko) Chrome/77.0.3865.92 Mobile Safari/537.36"
192.168.137.171 - - [10/Oct/2019:20:20:48] "GET /static/app.html HTTP/1.1" 200 1924 "" "Mozilla/5.0 (iPhone; CPU iPhone OS 12_1 like Mac OS X) AppleWebKit/605.1.15 (KHTML, like Gecko) CriOS/77.0.3865.103 Mobile/15E148 Safari/605.1"
192.168.137.171 - - [10/Oct/2019:20:20:48] "GET /init HTTP/1.1" 200 2 "http://192.168.137.252:9999/" "Mozilla/5.0 (iPhone; CPU iPhone OS 12_1 like Mac OS X) AppleWebKit/605.1.15 (KHTML, like Gecko) CriOS/77.0.3865.103 Mobile/15E148 Safari/605.1"
192.168.137.171 - - [10/Oct/2019:20:20:48] "GET /poll HTTP/1.1" 200 32 "http://192.168.137.252:9999/" "Mozilla/5.0 (iPhone; CPU iPhone OS 12_1 like Mac OS X) AppleWebKit/605.1.15 (KHTML, like Gecko) CriOS/77.0.3865.103 Mobile/15E148 Safari/605.1"
192.168.137.156 - - [10/Oct/2019:20:20:48] "GET /poll HTTP/1.1" 200 49 "http://192.168.137.252:9999/" "Mozilla/5.0 (Linux; Android 6.0; XT1706) AppleWebKit/537.36 (KHTML, like Gecko) Chrome/77.0.3865.92 Mobile Safari/537.36"
192.168.137.125 - - [10/Oct/2019:20:20:48] "GET /poll HTTP/1.1" 200 149 "http://192.168.137.252:9999/" "Mozilla/5.0 (Linux; Android 9; GM1901) AppleWebKit/537.36 (KHTML, like Gecko) Chrome/77.0.3865.92 Mobile Safari/537.36"
192.168.137.171 - - [10/Oct/2019:20:20:48] "GET /poll HTTP/1.1" 200 143 "http://192.168.137.252:9999/" "Mozilla/5.0 (iPhone; CPU iPhone OS 12_1 like Mac OS X) AppleWebKit/605.1.15 (KHTML, like Gecko) CriOS/77.0.3865.103 Mobile/15E148 Safari/605.1"
192.168.137.171 - - [10/Oct/2019:20:20:48] "GET /poll HTTP/1.1" 200 144 "http://192.168.137.252:9999/" "Mozilla/5.0 (iPhone; CPU iPhone OS 12_1 like Mac OS X) AppleWebKit/605.1.15 (KHTML, like Gecko) CriOS/77.0.3865.103 Mobile/15E148 Safari/605.1"
192.168.137.171 - - [10/Oct/2019:20:20:48] "GET /poll HTTP/1.1" 200 146 "http://192.168.137.252:9999/" "Mozilla/5.0 (iPhone; CPU iPhone OS 12_1 like Mac OS X) AppleWebKit/605.1.15 (KHTML, like Gecko) CriOS/77.0.3865.103 Mobile/15E148 Safari/605.1"
192.168.137.171 - - [10/Oct/2019:20:20:48] "GET /poll HTTP/1.1" 200 78 "http://192.168.137.252:9999/" "Mozilla/5.0 (iPhone; CPU iPhone OS 12_1 like Mac OS X) AppleWebKit/605.1.15 (KHTML, like Gecko) CriOS/77.0.3865.103 Mobile/15E148 Safari/605.1"
192.168.137.171 - - [10/Oct/2019:20:20:49] "GET /static/app.html HTTP/1.1" 200 1924 "" "Mozilla/5.0 (iPhone; CPU iPhone OS 12_1 like Mac OS X) AppleWebKit/605.1.15 (KHTML, like Gecko) CriOS/77.0.3865.103 Mobile/15E148 Safari/605.1"
192.168.137.171 - - [10/Oct/2019:20:20:49] "GET /init HTTP/1.1" 200 2 "http://192.168.137.252:9999/" "Mozilla/5.0 (iPhone; CPU iPhone OS 12_1 like Mac OS X) AppleWebKit/605.1.15 (KHTML, like Gecko) CriOS/77.0.3865.103 Mobile/15E148 Safari/605.1"
192.168.137.125 - - [10/Oct/2019:20:20:49] "GET /poll HTTP/1.1" 200 32 "http://192.168.137.252:9999/" "Mozilla/5.0 (Linux; Android 9; GM1901) AppleWebKit/537.36 (KHTML, like Gecko) Chrome/77.0.3865.92 Mobile Safari/537.36"
192.168.137.171 - - [10/Oct/2019:20:20:49] "GET /poll HTTP/1.1" 200 49 "http://192.168.137.252:9999/" "Mozilla/5.0 (iPhone; CPU iPhone OS 12_1 like Mac OS X) AppleWebKit/605.1.15 (KHTML, like Gecko) CriOS/77.0.3865.103 Mobile/15E148 Safari/605.1"
192.168.137.156 - - [10/Oct/2019:20:20:49] "GET /poll HTTP/1.1" 200 149 "http://192.168.137.252:9999/" "Mozilla/5.0 (Linux; Android 6.0; XT1706) AppleWebKit/537.36 (KHTML, like Gecko) Chrome/77.0.3865.92 Mobile Safari/537.36"
192.168.137.171 - - [10/Oct/2019:20:20:49] "GET /poll HTTP/1.1" 200 143 "http://192.168.137.252:9999/" "Mozilla/5.0 (iPhone; CPU iPhone OS 12_1 like Mac OS X) AppleWebKit/605.1.15 (KHTML, like Gecko) CriOS/77.0.3865.103 Mobile/15E148 Safari/605.1"
192.168.137.171 - - [10/Oct/2019:20:20:49] "GET /poll HTTP/1.1" 200 144 "http://192.168.137.252:9999/" "Mozilla/5.0 (iPhone; CPU iPhone OS 12_1 like Mac OS X) AppleWebKit/605.1.15 (KHTML, like Gecko) CriOS/77.0.3865.103 Mobile/15E148 Safari/605.1"
192.168.137.125 - - [10/Oct/2019:20:20:49] "GET /poll HTTP/1.1" 200 146 "http://192.168.137.252:9999/" "Mozilla/5.0 (Linux; Android 9; GM1901) AppleWebKit/537.36 (KHTML, like Gecko) Chrome/77.0.3865.92 Mobile Safari/537.36"
192.168.137.171 - - [10/Oct/2019:20:20:49] "GET /poll HTTP/1.1" 200 78 "http://192.168.137.252:9999/" "Mozilla/5.0 (iPhone; CPU iPhone OS 12_1 like Mac OS X) AppleWebKit/605.1.15 (KHTML, like Gecko) CriOS/77.0.3865.103 Mobile/15E148 Safari/605.1"
192.168.137.171 - - [10/Oct/2019:20:20:51] "GET /static/app.html HTTP/1.1" 200 1924 "" "Mozilla/5.0 (iPhone; CPU iPhone OS 12_1 like Mac OS X) AppleWebKit/605.1.15 (KHTML, like Gecko) CriOS/77.0.3865.103 Mobile/15E148 Safari/605.1"
192.168.137.156 - - [10/Oct/2019:20:20:51] "GET /poll HTTP/1.1" 200 32 "http://192.168.137.252:9999/" "Mozilla/5.0 (Linux; Android 6.0; XT1706) AppleWebKit/537.36 (KHTML, like Gecko) Chrome/77.0.3865.92 Mobile Safari/537.36"
192.168.137.171 - - [10/Oct/2019:20:20:51] "GET /init HTTP/1.1" 200 2 "http://192.168.137.252:9999/" "Mozilla/5.0 (iPhone; CPU iPhone OS 12_1 like Mac OS X) AppleWebKit/605.1.15 (KHTML, like Gecko) CriOS/77.0.3865.103 Mobile/15E148 Safari/605.1"
192.168.137.125 - - [10/Oct/2019:20:20:51] "GET /poll HTTP/1.1" 200 49 "http://192.168.137.252:9999/" "Mozilla/5.0 (Linux; Android 9; GM1901) AppleWebKit/537.36 (KHTML, like Gecko) Chrome/77.0.3865.92 Mobile Safari/537.36"
192.168.137.171 - - [10/Oct/2019:20:20:51] "GET /poll HTTP/1.1" 200 149 "http://192.168.137.252:9999/" "Mozilla/5.0 (iPhone; CPU iPhone OS 12_1 like Mac OS X) AppleWebKit/605.1.15 (KHTML, like Gecko) CriOS/77.0.3865.103 Mobile/15E148 Safari/605.1"
192.168.137.171 - - [10/Oct/2019:20:20:51] "GET /poll HTTP/1.1" 200 143 "http://192.168.137.252:9999/" "Mozilla/5.0 (iPhone; CPU iPhone OS 12_1 like Mac OS X) AppleWebKit/605.1.15 (KHTML, like Gecko) CriOS/77.0.3865.103 Mobile/15E148 Safari/605.1"
192.168.137.171 - - [10/Oct/2019:20:20:51] "GET /poll HTTP/1.1" 200 144 "http://192.168.137.252:9999/" "Mozilla/5.0 (iPhone; CPU iPhone OS 12_1 like Mac OS X) AppleWebKit/605.1.15 (KHTML, like Gecko) CriOS/77.0.3865.103 Mobile/15E148 Safari/605.1"
